2025-04-23T14:27:56.421447|aaa|15、服务器排查手册.md,1、产品型号和料号标识.md,12、平台端特定文件及其存储路径介绍.md
2025-04-23T14:28:21.337640|aaa|15、服务器排查手册.md,1、产品型号和料号标识.md,12、平台端特定文件及其存储路径介绍.md
2025-04-23T14:38:57.699633|数据库密码多少|分离无法使用数据库可视化软件指导文件.md
2025-04-23T14:39:37.761689|服务器ymsk账号的密码多少|分离无法使用数据库可视化软件指导文件.md,8、windows系统虚拟机安装部署.md,19、AMR管理平台服务器部署操作指导手册.md
2025-04-23T14:39:58.151596|密码多少|分离无法使用数据库可视化软件指导文件.md,故障分析-第三方.md
2025-04-23T14:49:56.305827|数据库连接密码|分离无法使用数据库可视化软件指导文件.md
2025-04-23T14:50:41.884684|数据库wms的密码是多少|11、点避障关闭配置文档.md,分离无法使用数据库可视化软件指导文件.md,2、登录数据库.md
2025-04-23T14:51:08.411074|redis的密码是多少|38、FAQ-平台现场问题-3.md,分离无法使用数据库可视化软件指导文件.md,39、FAQ-服务器常用命令问题.md
2025-04-23T14:51:28.501456|redis连接输入的密码是多少|分离无法使用数据库可视化软件指导文件.md,39、FAQ-服务器常用命令问题.md
2025-04-23T14:51:38.439736|Redis 连接|38、FAQ-平台现场问题-3.md,39、FAQ-服务器常用命令问题.md
2025-04-23T14:59:48.708929|1|44、电梯配置调试文档.md,1、RCS客户端功能说明.md,13、堆高车功能说明书.md
2025-04-23T15:00:13.652536|1+1=？|31、FAQ-充电问题.md,故障分析-分配算法.md,5、服务器一键备份脚本及方法.md
2025-04-23T15:02:13.709755|ddd|11、测试服务器硬盘IO读写能力的命令.md,1、问题汇总-1.md,3、问题汇总-3.md
2025-04-23T15:04:01.046808|测试测试|43、PLC业务配置操作文档.md,35、FAQ-调度算法现场问题-2.md,1、问题汇总-1.md
2025-04-23T15:07:38.086604|aaa|12、平台端特定文件及其存储路径介绍.md,1、产品型号和料号标识.md,15、服务器排查手册.md
2025-04-23T15:19:18.803985|ddd|1、问题汇总-1.md,3、问题汇总-3.md,11、测试服务器硬盘IO读写能力的命令.md
2025-04-23T15:20:13.632269|ss|2、平台任务状态及模板配置.md,10、平台软件算法升级指导.md,故障分析--前端.md
2025-04-23T15:21:18.762630|ddd|1、问题汇总-1.md,3、问题汇总-3.md,11、测试服务器硬盘IO读写能力的命令.md
2025-04-23T15:23:04.324565|ddd|1、问题汇总-1.md,3、问题汇总-3.md,11、测试服务器硬盘IO读写能力的命令.md
2025-04-23T15:26:33.431129|ddd|1、问题汇总-1.md,3、问题汇总-3.md,11、测试服务器硬盘IO读写能力的命令.md
2025-04-23T15:27:25.815585|ddd|1、问题汇总-1.md,3、问题汇总-3.md,11、测试服务器硬盘IO读写能力的命令.md
2025-04-23T15:41:31.305981|如何|15、密集库挪库配置调试手册.md,5、服务器一键备份脚本及方法.md,9、其他.md
2025-04-23T15:51:52.165737|ddd|1、问题汇总-1.md,3、问题汇总-3.md,11、测试服务器硬盘IO读写能力的命令.md
2025-04-23T15:52:09.092301|ddd|1、问题汇总-1.md,3、问题汇总-3.md,11、测试服务器硬盘IO读写能力的命令.md
2025-04-23T15:54:10.781966|dududu|1、问题汇总-1.md,数据表说明-20、AGV_MODEL参数.md,44、电梯配置调试文档.md
2025-04-23T15:56:23.697964|dududu|1、问题汇总-1.md,数据表说明-20、AGV_MODEL参数.md,44、电梯配置调试文档.md
2025-04-23T15:56:27.873563|点赞|1、问题汇总-1.md,5、服务器一键备份脚本及方法.md,场景配置-业务场景.md
2025-04-23T16:22:19.445517|ddd|11、测试服务器硬盘IO读写能力的命令.md,3、问题汇总-3.md,1、问题汇总-1.md
2025-04-23T16:22:40.555929|点踩|场景配置-业务场景.md,2、问题汇总-2.md
2025-04-23T16:23:52.308269|点赞|5、服务器一键备份脚本及方法.md,场景配置-业务场景.md,1、问题汇总-1.md
2025-04-23T16:24:31.657095|点赞|5、服务器一键备份脚本及方法.md,场景配置-业务场景.md,1、问题汇总-1.md
2025-04-23T16:24:39.645063|点赞|5、服务器一键备份脚本及方法.md,场景配置-业务场景.md,1、问题汇总-1.md
2025-04-23T16:24:50.158453|点赞|5、服务器一键备份脚本及方法.md,场景配置-业务场景.md,1、问题汇总-1.md
2025-04-23T16:25:27.848172|点赞|5、服务器一键备份脚本及方法.md,场景配置-业务场景.md,1、问题汇总-1.md
2025-04-23T16:25:57.513279|点赞|5、服务器一键备份脚本及方法.md,场景配置-业务场景.md,1、问题汇总-1.md
2025-04-23T16:26:04.322196|点赞|5、服务器一键备份脚本及方法.md,场景配置-业务场景.md,1、问题汇总-1.md
2025-04-23T16:26:49.102963|点赞|5、服务器一键备份脚本及方法.md,场景配置-业务场景.md,1、问题汇总-1.md
2025-04-23T16:27:21.622119|点赞|5、服务器一键备份脚本及方法.md,场景配置-业务场景.md,1、问题汇总-1.md
2025-04-23T16:27:43.945103|dd|11、测试服务器硬盘IO读写能力的命令.md,1、问题汇总-1.md,故障分析--前端.md
2025-04-23T16:29:51.618612|aaa|1、产品型号和料号标识.md,15、服务器排查手册.md,12、平台端特定文件及其存储路径介绍.md
2025-04-23T16:30:44.354197|dududu|1、问题汇总-1.md,数据表说明-20、AGV_MODEL参数.md,44、电梯配置调试文档.md
2025-04-23T16:31:15.603032|点赞测试|15、密集库挪库配置调试手册.md,43、PLC业务配置操作文档.md,场景配置-业务场景.md
2025-04-23T16:32:17.890680|ddd|1、问题汇总-1.md,3、问题汇总-3.md,11、测试服务器硬盘IO读写能力的命令.md
2025-04-23T16:32:51.244625|可以吗|5、服务器一键备份脚本及方法.md,39、FAQ-服务器常用命令问题.md,44、电梯配置调试文档.md
2025-04-23T16:33:26.606471|点赞|5、服务器一键备份脚本及方法.md,场景配置-业务场景.md,1、问题汇总-1.md
2025-04-23T16:39:25.414439|点赞|5、服务器一键备份脚本及方法.md,1、问题汇总-1.md,场景配置-业务场景.md
2025-04-23T17:19:11.741019|能不能记录点赞|移动AGV管理平台.md,44、电梯配置调试文档.md
2025-04-23T17:50:52.763051|点赞|1、问题汇总-1.md,5、服务器一键备份脚本及方法.md,场景配置-业务场景.md
2025-04-23T17:51:31.515835|点赞|1、问题汇总-1.md,5、服务器一键备份脚本及方法.md,场景配置-业务场景.md
2025-04-23T17:52:31.066738|点赞|1、问题汇总-1.md,5、服务器一键备份脚本及方法.md,场景配置-业务场景.md
2025-04-23T17:55:31.709349|测试|1、问题汇总-1.md,43、PLC业务配置操作文档.md,18、地图编辑CheckList.md
2025-04-23T17:57:00.421953|测试|1、问题汇总-1.md,43、PLC业务配置操作文档.md,18、地图编辑CheckList.md
2025-04-23T17:59:07.494128|点赞|1、问题汇总-1.md,5、服务器一键备份脚本及方法.md,场景配置-业务场景.md
2025-04-23T19:18:46.672067|点赞|1、问题汇总-1.md,5、服务器一键备份脚本及方法.md,场景配置-业务场景.md
2025-04-23T19:32:20.833684|点赞|1、问题汇总-1.md,5、服务器一键备份脚本及方法.md,场景配置-业务场景.md
2025-04-23T19:32:43.025034|点赞2|5、服务器一键备份脚本及方法.md,10、公交车模式配置文档.md,9、库位状态不变更排查.md
2025-04-23T19:32:53.144010|点赞2|5、服务器一键备份脚本及方法.md,10、公交车模式配置文档.md,9、库位状态不变更排查.md
2025-04-23T19:32:56.922759|点赞|1、问题汇总-1.md,5、服务器一键备份脚本及方法.md,场景配置-业务场景.md
2025-04-23T19:33:33.853797|带你咱|9、其他.md,5、服务器一键备份脚本及方法.md,8、常用软件.md
2025-04-23T19:34:15.130586|点赞|1、问题汇总-1.md,5、服务器一键备份脚本及方法.md,场景配置-业务场景.md
2025-04-24T10:54:48.575638|闲时充电|3、充电流程.md,移动AGV管理平台.md,38、FAQ-平台现场问题-3.md
2025-04-24T10:55:09.774880|闲时充电是什么意思，怎么设置的|3、充电流程.md,移动AGV管理平台.md
2025-04-24T10:55:39.745623|闲时充电需要满足什么条件|3、充电流程.md,移动AGV管理平台.md,18、服务器环境要求.md
2025-04-24T11:33:02.258120|PLC S7协议怎么配置，给个示例|43、PLC业务配置操作文档.md,4、第三方设备相关流程.md,移动AGV管理平台.md
2025-04-24T11:38:02.132163|怎么关闭线避障|11、点避障关闭配置文档.md,1、问题汇总-1.md
2025-04-24T11:38:45.827071|PLC怎么配置|43、PLC业务配置操作文档.md,移动AGV管理平台.md,47、上装接入配置调试手册.md
2025-04-24T15:04:01.665725|怎么开启禁行区后让车在边缘停|4、问题汇总-4.md,6、第三方设备交管接入说明文档.md,12、途径区配置文档.md
2025-04-24T15:04:31.196084|禁行区相关配置项|6、第三方设备交管接入说明文档.md,移动AGV管理平台.md
2025-04-25T09:25:43.824426|测试|18、地图编辑CheckList.md,1、问题汇总-1.md,43、PLC业务配置操作文档.md
2025-04-25T09:26:03.340837|毛血旺是什么做的|5、服务器一键备份脚本及方法.md,18、服务器环境要求.md
2025-04-25T09:26:19.773155|日志关键字callback是什么意思|故障分析-调度算法.md,1、问题汇总-1.md
2025-04-25T09:26:48.083198|logs是什么|故障分析-叉车.md
2025-04-25T09:27:32.187786|闲时充电需要满足什么条件|移动AGV管理平台.md,3、充电流程.md,18、服务器环境要求.md
2025-04-25T09:28:01.073156|PLC S7协议怎么配置，给个示例|移动AGV管理平台.md,4、第三方设备相关流程.md,43、PLC业务配置操作文档.md
2025-04-25T09:28:39.443914|禁行区相关配置项|移动AGV管理平台.md,6、第三方设备交管接入说明文档.md
2025-04-25T09:29:26.836748|禁行区相关配置项|移动AGV管理平台.md,6、第三方设备交管接入说明文档.md,故障分析-分配算法.md,4、问题汇总-4.md
2025-04-25T10:58:45.585865|如何|9、其他.md,5、服务器一键备份脚本及方法.md,15、密集库挪库配置调试手册.md
2025-04-25T11:57:32.971214|如何|39、FAQ-服务器常用命令问题.md,44、电梯配置调试文档.md,2、平台任务状态及模板配置.md,5、服务器一键备份脚本及方法.md,9、其他.md,15、密集库挪库配置调试手册.md
2025-04-25T11:58:06.584167|really|8、常用软件.md,44、电梯配置调试文档.md,1、问题汇总-1.md,9、其他.md,9、仿真系统搭建说明.md
2025-04-25T12:01:33.875334|如何|15、密集库挪库配置调试手册.md,44、电梯配置调试文档.md,39、FAQ-服务器常用命令问题.md,9、其他.md,5、服务器一键备份脚本及方法.md
2025-04-25T12:01:41.825741|如何|15、密集库挪库配置调试手册.md,44、电梯配置调试文档.md,39、FAQ-服务器常用命令问题.md,9、其他.md,2、平台任务状态及模板配置.md,5、服务器一键备份脚本及方法.md
2025-04-25T13:40:22.144080|闲时充电怎么配置|移动AGV管理平台.md,3、充电流程.md,3、平台设备充电配置.md
2025-04-25T15:43:40.250064|介绍一下货架模型|移动AGV管理平台.md,18、地图编辑CheckList.md,2、问题汇总-2.md
2025-04-25T15:51:09.421173|介绍一下货架类型|移动AGV管理平台.md,18、地图编辑CheckList.md
2025-04-25T16:13:32.395804|报错8080|38、FAQ-平台现场问题-3.md,故障分析-第三方.md,故障分析--前端.md,6、nacos端口失败.md,1、问题汇总-1.md
2025-04-27T09:16:22.283552|机器人平台软件料号多少|移动AGV管理平台.md,故障分析--前端.md,6、备料管理.md,故障分析-叉车.md
2025-04-27T09:16:51.566141|下载机器人软件，怎么卸载|故障分析--前端.md,2、问题汇总-2.md,17、设备、充电桩注册失败问题排查.md,故障分析-叉车.md
2025-04-27T09:17:00.366361|客户端登陆不上|故障分析--前端.md,36、FAQ-平台现场问题-1.md
2025-04-27T09:37:40.427475|目录|44、电梯配置调试文档.md
2025-04-27T10:16:13.800165|介绍下自己|2、平台任务状态及模板配置.md,44、电梯配置调试文档.md,5、服务器一键备份脚本及方法.md,9、其他.md
2025-04-27T10:17:09.829859|你都有哪些方面的知识|8、常用软件.md,15、服务器排查手册.md,44、电梯配置调试文档.md,29、FAQ-调度算法问题-1.md,5、服务器一键备份脚本及方法.md
2025-04-27T10:18:33.402621|你好JARVIS，你可以给我清晰全面的介绍下常用的工具吗，我是个新手用户，想从零学习下技术支持相关的知识|11、单模块部署手册.md,1、RCS客户端功能说明.md,10、平台软件算法升级指导.md,39、FAQ-服务器常用命令问题.md,2、平台任务状态及模板配置.md,5、服务器一键备份脚本及方法.md,9、库位状态不变更排查.md
2025-04-27T10:27:52.883513|PLC任务逻辑V2怎么配置|移动AGV管理平台.md,43、PLC业务配置操作文档.md
2025-04-27T10:28:35.119738|PLC任务逻辑V2|移动AGV管理平台.md,3、问题汇总-3.md,43、PLC业务配置操作文档.md
2025-04-27T12:01:04.638291|闲时充电怎么配置|移动AGV管理平台.md,3、充电流程.md,3、平台设备充电配置.md
2025-04-27T17:32:56.248862|服务器修改 IP 后，登录客户端出现问题|
2025-04-27T17:33:09.434698|服务器修改 IP 后，登录客户端出现问题|MVPSupport文档.md
2025-04-27T17:33:49.770043|解除设备预占后报负载异常怎么解决？|
2025-04-27T17:34:04.797456|解除设备预占后报负载异常怎么解决？|MVPSupport文档.md
2025-04-27T17:34:22.155730|当用户运行工程任务时，工控机会出现无故重启的现象。|MVPSupport文档.md
2025-04-27T19:23:39.864118|二次开发怎么办|MVPSupport文档.md
2025-04-27T19:24:05.992451|如何设置MVP的环境变量|
2025-04-27T19:24:44.470551|如何设置MVP的环境变量|
2025-04-27T19:25:14.942228|设置MVP的环境变量|MVPSupport文档.md,MVP算法平台_用户手册【企业知识库版】.md
2025-04-27T19:26:27.943378|模板匹配怎么用|MVPSupport文档.md,MVP算法平台_用户手册【企业知识库版】.md
2025-04-27T19:59:54.057685|如何设置MVP的环境变量|MVPSupport文档.md,MVP算法平台_用户手册【企业知识库版】.md
2025-04-27T20:00:02.038955|如何设置MVP的环境变量|MVPSupport文档.md,MVP算法平台_用户手册【企业知识库版】.md
2025-04-27T20:00:14.353635|设置MVP的环境变量|MVPSupport文档.md,MVP算法平台_用户手册【企业知识库版】.md
2025-04-28T14:47:31.241165|xx8039错误怎么解决？|
2025-04-28T14:47:35.366038|xx如何优化查询性能？|
2025-04-28T14:47:39.832023|xx系统支持哪些文件格式？|MVPSupport文档.md
2025-04-28T14:47:41.313460|xx常见错误代码有哪些？|
2025-04-28T14:47:44.626745|xx如何导出地图数据？|MVP算法平台_用户手册【企业知识库版】.md,MVPSupport文档.md
2025-04-28T14:47:46.121195|xxJARVIS系统有哪些功能？|MVP算法平台_用户手册【企业知识库版】.md
2025-04-28T14:47:50.388433|xx如何设置地图线宽？|
2025-04-28T14:47:52.436864|xx如何优化查询性能？|
2025-04-28T14:47:59.029142|xx如何优化查询性能？|MVPSupport文档.md
2025-04-28T14:48:04.102245|xx如何优化查询性能？|
2025-04-28T14:48:09.017753|xx常见错误代码有哪些？|
2025-04-28T14:48:12.541245|xx技术支持联系方式是什么？|
2025-04-28T14:48:15.156375|xx系统使用什么AI模型？|MVP算法平台_用户手册【企业知识库版】.md,MVPSupport文档.md
2025-04-28T14:48:16.706948|xx技术支持联系方式是什么？|MVPSupport文档.md
2025-04-28T14:48:18.186694|xx如何导出地图数据？|MVP算法平台_用户手册【企业知识库版】.md,MVPSupport文档.md
2025-04-28T14:48:19.740626|xx技术支持联系方式是什么？|MVPSupport文档.md
2025-04-28T14:48:21.313087|xx如何优化查询性能？|
2025-04-28T14:48:25.688118|xx系统使用什么AI模型？|
2025-04-28T14:48:27.705118|xx常见错误代码有哪些？|MVPSupport文档.md
2025-04-28T14:48:29.944353|xxJARVIS系统有哪些功能？|MVP算法平台_用户手册【企业知识库版】.md
2025-04-28T14:48:36.499447|xx技术支持联系方式是什么？|MVPSupport文档.md
2025-04-28T14:48:37.960684|xx如何优化查询性能？|MVPSupport文档.md
2025-04-28T14:48:42.400776|xx系统使用什么AI模型？|MVP算法平台_用户手册【企业知识库版】.md,MVPSupport文档.md
2025-04-28T14:48:43.850622|xx系统使用什么AI模型？|MVP算法平台_用户手册【企业知识库版】.md
2025-04-28T14:48:45.516737|xx技术支持联系方式是什么？|MVPSupport文档.md
2025-04-28T14:48:47.151016|xx技术支持联系方式是什么？|
2025-04-28T14:48:49.783224|xx如何导出地图数据？|MVP算法平台_用户手册【企业知识库版】.md,MVPSupport文档.md
2025-04-28T14:48:52.818711|xx如何导出地图数据？|
2025-04-28T14:48:54.807106|xxJARVIS系统有哪些功能？|
2025-04-28T14:48:58.113218|xx如何设置地图线宽？|MVP算法平台_用户手册【企业知识库版】.md
2025-04-28T14:49:00.120796|xx如何导出地图数据？|MVP算法平台_用户手册【企业知识库版】.md,MVPSupport文档.md
2025-04-28T14:49:02.153397|xx8039错误怎么解决？|MVPSupport文档.md
2025-04-28T14:49:16.066079|xx系统使用什么AI模型？|
2025-04-28T14:49:17.858819|xx知识库更新频率是多少？|
2025-04-28T14:49:20.049011|xx知识库更新频率是多少？|
2025-04-28T14:49:21.659543|xx技术支持联系方式是什么？|MVPSupport文档.md
2025-04-28T14:49:23.718094|xx常见错误代码有哪些？|
2025-04-28T14:49:25.659747|xx知识库更新频率是多少？|MVPSupport文档.md
2025-04-28T14:49:27.257448|xx如何导出地图数据？|
2025-04-28T14:49:29.841667|xx技术支持联系方式是什么？|MVPSupport文档.md
2025-04-28T14:49:31.906184|xx如何导出地图数据？|
2025-04-28T14:49:34.536813|xx如何导出地图数据？|
2025-04-28T14:49:37.059614|xxJARVIS系统有哪些功能？|MVP算法平台_用户手册【企业知识库版】.md
2025-04-28T14:49:41.090477|xx系统使用什么AI模型？|MVP算法平台_用户手册【企业知识库版】.md,MVPSupport文档.md
2025-04-28T14:49:42.944035|xxJARVIS系统有哪些功能？|
2025-04-28T14:49:45.381308|xx技术支持联系方式是什么？|
2025-04-28T14:49:46.985193|xx知识库更新频率是多少？|
2025-04-28T14:49:48.590669|xx如何优化查询性能？|
2025-04-28T14:49:53.253063|xxJARVIS系统有哪些功能？|
2025-04-28T14:49:56.664663|xx如何导出地图数据？|MVP算法平台_用户手册【企业知识库版】.md,MVPSupport文档.md
2025-04-28T14:49:59.001414|xx如何设置地图线宽？|
2025-04-28T14:50:02.738115|xx知识库更新频率是多少？|
2025-04-28T14:50:04.546240|xx系统使用什么AI模型？|
2025-04-28T14:50:06.217453|xxJARVIS系统有哪些功能？|MVP算法平台_用户手册【企业知识库版】.md
2025-04-28T14:50:12.431284|xx常见错误代码有哪些？|
2025-04-28T14:50:14.679690|xx系统使用什么AI模型？|MVP算法平台_用户手册【企业知识库版】.md,MVPSupport文档.md
2025-04-28T14:50:16.191867|xx系统使用什么AI模型？|MVP算法平台_用户手册【企业知识库版】.md,MVPSupport文档.md
2025-04-28T14:50:17.715337|xx常见错误代码有哪些？|
2025-04-28T14:50:20.146731|xx常见错误代码有哪些？|MVPSupport文档.md
2025-04-28T14:50:24.202146|xx系统支持哪些文件格式？|MVPSupport文档.md
2025-04-28T14:50:25.894350|xxJARVIS系统有哪些功能？|MVP算法平台_用户手册【企业知识库版】.md
2025-04-28T14:50:30.756486|xx技术支持联系方式是什么？|
2025-04-28T14:50:33.011666|xx技术支持联系方式是什么？|MVPSupport文档.md
2025-04-28T14:50:34.227735|xx知识库更新频率是多少？|MVPSupport文档.md
2025-04-28T14:50:35.988086|xx8039错误怎么解决？|MVPSupport文档.md
2025-04-28T14:50:39.439255|xx如何设置地图线宽？|MVP算法平台_用户手册【企业知识库版】.md
2025-04-28T14:50:41.659342|xxJARVIS系统有哪些功能？|MVP算法平台_用户手册【企业知识库版】.md
2025-04-28T14:50:44.339544|xx如何设置地图线宽？|MVP算法平台_用户手册【企业知识库版】.md,MVPSupport文档.md
2025-04-28T14:50:47.531277|xx如何设置地图线宽？|MVP算法平台_用户手册【企业知识库版】.md
2025-04-28T14:50:49.316096|xx如何导出地图数据？|MVP算法平台_用户手册【企业知识库版】.md,MVPSupport文档.md
2025-04-28T14:50:51.310655|xx8039错误怎么解决？|MVPSupport文档.md
2025-04-28T14:50:54.379817|xx如何优化查询性能？|MVPSupport文档.md
2025-04-28T14:50:57.904596|xx系统支持哪些文件格式？|
2025-04-28T14:51:01.390798|xx如何设置地图线宽？|MVP算法平台_用户手册【企业知识库版】.md
2025-04-28T14:51:03.441508|xx如何设置地图线宽？|
2025-04-28T14:51:05.921354|xx如何设置地图线宽？|
2025-04-28T14:51:11.577730|xx技术支持联系方式是什么？|MVPSupport文档.md
2025-04-28T14:52:51.225985|xx系统支持哪些文件格式？|
2025-04-28T14:52:53.513001|xx如何优化查询性能？|
2025-04-28T14:52:56.952432|xx常见错误代码有哪些？|MVPSupport文档.md
2025-04-28T14:53:01.068697|xx常见错误代码有哪些？|
2025-04-28T14:53:04.320076|xxJARVIS系统有哪些功能？|MVP算法平台_用户手册【企业知识库版】.md
2025-04-28T14:53:09.631798|xx如何设置地图线宽？|
2025-04-28T14:53:14.570284|xx系统使用什么AI模型？|MVP算法平台_用户手册【企业知识库版】.md,MVPSupport文档.md
2025-04-28T14:53:16.467209|xx常见错误代码有哪些？|MVPSupport文档.md
2025-04-28T14:53:19.638270|xxJARVIS系统有哪些功能？|MVP算法平台_用户手册【企业知识库版】.md
2025-04-28T14:53:23.584167|xx如何优化查询性能？|MVPSupport文档.md
2025-04-28T14:53:27.772627|xx常见错误代码有哪些？|MVPSupport文档.md
2025-04-28T14:53:30.142283|xx8039错误怎么解决？|
2025-04-28T14:53:32.682614|xx如何导出地图数据？|
2025-04-28T14:53:36.298177|xxJARVIS系统有哪些功能？|
2025-04-28T14:53:38.698731|xx技术支持联系方式是什么？|MVPSupport文档.md
2025-04-28T14:53:40.290681|xx知识库更新频率是多少？|MVPSupport文档.md
2025-04-28T14:53:42.149242|xx系统使用什么AI模型？|
2025-04-28T14:53:43.558098|xx系统支持哪些文件格式？|MVPSupport文档.md
2025-04-28T14:53:44.745723|xx知识库更新频率是多少？|MVPSupport文档.md
2025-04-28T14:53:46.236280|xxJARVIS系统有哪些功能？|
2025-04-28T14:53:48.027922|xx系统支持哪些文件格式？|
2025-04-28T14:53:49.976850|xx如何优化查询性能？|MVPSupport文档.md
2025-04-28T14:53:52.225557|xxJARVIS系统有哪些功能？|
2025-04-28T14:53:54.251889|xx如何优化查询性能？|MVPSupport文档.md
2025-04-28T14:53:57.795195|xx知识库更新频率是多少？|
2025-04-28T14:53:59.320820|xx如何优化查询性能？|
2025-04-28T14:54:03.263951|xx如何优化查询性能？|MVPSupport文档.md
2025-04-28T14:54:07.854818|xx常见错误代码有哪些？|
2025-04-28T14:54:10.547068|xx如何设置地图线宽？|MVP算法平台_用户手册【企业知识库版】.md
2025-04-28T14:54:12.256023|xx8039错误怎么解决？|
2025-04-28T14:54:15.560289|xx系统使用什么AI模型？|MVP算法平台_用户手册【企业知识库版】.md
2025-04-28T14:54:16.796392|xx如何导出地图数据？|
2025-04-28T14:54:19.670645|xx知识库更新频率是多少？|MVPSupport文档.md
2025-04-28T14:54:21.262782|xx知识库更新频率是多少？|
2025-04-28T14:54:23.075981|xxJARVIS系统有哪些功能？|
2025-04-28T14:54:28.839747|你好|
2025-04-28T14:54:41.987079|机器出现了8599怎么办|
2025-04-28T14:55:05.502064|模板匹配怎么使用|MVP算法平台_用户手册【企业知识库版】.md,MVPSupport文档.md
2025-04-28T14:56:43.331811|xx常见错误代码有哪些？|
2025-04-28T14:56:47.377123|xx如何导出地图数据？|MVP算法平台_用户手册【企业知识库版】.md,MVPSupport文档.md
2025-04-28T14:56:49.021981|xx如何优化查询性能？|
2025-04-28T14:56:54.528680|xx8039错误怎么解决？|
2025-04-28T14:56:57.122847|xx系统支持哪些文件格式？|MVPSupport文档.md
2025-04-28T14:56:59.543034|xx如何优化查询性能？|
2025-04-28T14:57:05.080017|xx如何导出地图数据？|MVP算法平台_用户手册【企业知识库版】.md,MVPSupport文档.md
2025-04-28T14:57:07.664724|xx知识库更新频率是多少？|
2025-04-28T14:57:09.262680|xx系统支持哪些文件格式？|MVPSupport文档.md
2025-04-28T14:57:10.911278|xx技术支持联系方式是什么？|MVPSupport文档.md
2025-04-28T14:57:12.932614|xxJARVIS系统有哪些功能？|MVP算法平台_用户手册【企业知识库版】.md
2025-04-28T14:57:17.524464|xx如何优化查询性能？|
2025-04-28T14:57:20.226923|xx如何优化查询性能？|
2025-04-28T14:57:25.217045|xx系统支持哪些文件格式？|
2025-04-28T14:57:27.116386|xxJARVIS系统有哪些功能？|
2025-04-28T14:57:28.826863|xxJARVIS系统有哪些功能？|
2025-04-28T14:57:30.927661|xx知识库更新频率是多少？|MVPSupport文档.md
2025-04-28T14:57:32.581667|xxJARVIS系统有哪些功能？|MVP算法平台_用户手册【企业知识库版】.md
2025-04-28T14:57:34.986068|xx系统使用什么AI模型？|MVP算法平台_用户手册【企业知识库版】.md,MVPSupport文档.md
2025-04-28T14:57:36.724723|xx系统支持哪些文件格式？|MVPSupport文档.md
2025-04-28T14:57:38.561063|xx技术支持联系方式是什么？|
2025-04-28T14:57:41.151427|xxJARVIS系统有哪些功能？|
2025-04-28T14:57:43.542117|xx系统支持哪些文件格式？|MVPSupport文档.md
2025-04-28T14:57:46.343681|xx8039错误怎么解决？|MVPSupport文档.md
2025-04-28T14:57:52.016145|xx知识库更新频率是多少？|
2025-04-28T15:10:08.725040|xx系统使用什么AI模型？|
2025-04-28T15:10:10.484435|xx系统使用什么AI模型？|MVP算法平台_用户手册【企业知识库版】.md
2025-04-28T15:10:11.892600|xx常见错误代码有哪些？|
2025-04-28T15:10:14.388220|xxJARVIS系统有哪些功能？|
2025-04-28T15:10:16.415720|xx如何导出地图数据？|MVP算法平台_用户手册【企业知识库版】.md,MVPSupport文档.md
2025-04-28T15:10:17.749317|xx系统使用什么AI模型？|MVP算法平台_用户手册【企业知识库版】.md,MVPSupport文档.md
2025-04-28T15:10:19.394164|xx如何设置地图线宽？|MVP算法平台_用户手册【企业知识库版】.md
2025-04-28T15:10:21.644821|xx系统使用什么AI模型？|MVP算法平台_用户手册【企业知识库版】.md
2025-04-28T15:10:23.490927|xx技术支持联系方式是什么？|
2025-04-28T15:10:25.599010|xx系统使用什么AI模型？|MVP算法平台_用户手册【企业知识库版】.md
2025-04-28T15:10:27.601005|xx常见错误代码有哪些？|MVPSupport文档.md
2025-04-28T15:10:31.645040|xx技术支持联系方式是什么？|MVPSupport文档.md
2025-04-28T15:10:33.709296|xxJARVIS系统有哪些功能？|MVP算法平台_用户手册【企业知识库版】.md
2025-04-28T15:10:38.097069|xx如何设置地图线宽？|MVP算法平台_用户手册【企业知识库版】.md
2025-04-28T15:10:40.646306|xx如何导出地图数据？|MVP算法平台_用户手册【企业知识库版】.md,MVPSupport文档.md
2025-04-28T15:10:43.253980|xx如何优化查询性能？|MVPSupport文档.md
2025-04-28T15:10:46.880504|xx系统支持哪些文件格式？|MVP算法平台_用户手册【企业知识库版】.md,MVPSupport文档.md
2025-04-28T15:10:49.095894|xx常见错误代码有哪些？|
2025-04-28T15:10:51.883813|xx知识库更新频率是多少？|
2025-04-28T15:10:53.435563|xx常见错误代码有哪些？|MVPSupport文档.md
2025-04-28T15:10:57.171749|xx如何导出地图数据？|
2025-04-28T15:10:59.848881|xx技术支持联系方式是什么？|
2025-04-28T15:11:02.341552|xxJARVIS系统有哪些功能？|
2025-04-28T15:11:05.952123|xx系统使用什么AI模型？|MVP算法平台_用户手册【企业知识库版】.md,MVPSupport文档.md
2025-04-28T15:11:07.657596|xx如何导出地图数据？|
2025-04-28T15:11:10.625972|xx系统支持哪些文件格式？|
2025-04-28T15:11:12.300973|xx常见错误代码有哪些？|
2025-04-28T15:11:14.624638|xxJARVIS系统有哪些功能？|MVP算法平台_用户手册【企业知识库版】.md
2025-04-28T15:11:16.289468|xx技术支持联系方式是什么？|MVPSupport文档.md
2025-04-28T15:11:18.648734|xx如何设置地图线宽？|MVP算法平台_用户手册【企业知识库版】.md
2025-04-28T15:11:21.559626|xx如何导出地图数据？|
2025-04-28T15:11:23.539346|xx如何导出地图数据？|
2025-04-28T15:11:27.430099|xx系统使用什么AI模型？|MVP算法平台_用户手册【企业知识库版】.md
2025-04-28T15:11:28.771842|xx常见错误代码有哪些？|MVPSupport文档.md
2025-04-28T15:11:32.978230|xxJARVIS系统有哪些功能？|MVP算法平台_用户手册【企业知识库版】.md
2025-04-28T15:11:36.814035|xx系统使用什么AI模型？|
2025-04-28T15:11:38.419812|xx常见错误代码有哪些？|
2025-04-28T15:11:40.648079|xx系统使用什么AI模型？|MVP算法平台_用户手册【企业知识库版】.md
2025-04-28T15:11:41.722565|xx知识库更新频率是多少？|MVPSupport文档.md
2025-04-28T15:11:43.638239|xx如何导出地图数据？|
2025-04-28T15:11:46.107878|xx如何设置地图线宽？|
2025-04-28T15:11:49.150593|xx如何设置地图线宽？|
2025-04-28T15:11:53.021151|xx8039错误怎么解决？|MVPSupport文档.md
2025-04-28T15:11:58.325832|xxJARVIS系统有哪些功能？|MVP算法平台_用户手册【企业知识库版】.md
2025-04-28T15:12:02.168171|xx系统使用什么AI模型？|MVP算法平台_用户手册【企业知识库版】.md,MVPSupport文档.md
