[2025/04/07 15:47:56.835 +08:00] [INFO] [paramtable/quota_param.go:787] ["init disk quota"] [diskQuota(MB)=+inf]
[2025/04/07 15:47:56.922 +08:00] [INFO] [paramtable/quota_param.go:802] ["init disk quota per DB"] [diskQuotaPerCollection(MB)=1.7976931348623157e+308]
[2025/04/07 15:47:56.922 +08:00] [INFO] [paramtable/component_param.go:1578] ["init segment max idle time"] [value=10m0s]
[2025/04/07 15:47:56.922 +08:00] [INFO] [paramtable/component_param.go:1583] ["init segment min size from idle to sealed"] [value=16]
[2025/04/07 15:47:56.922 +08:00] [INFO] [paramtable/component_param.go:1593] ["init segment max binlog file to sealed"] [value=32]
[2025/04/07 15:47:56.922 +08:00] [INFO] [paramtable/component_param.go:1588] ["init segment expansion rate"] [value=1.25]
[2025/04/07 15:47:56.924 +08:00] [INFO] [paramtable/base_table.go:145] ["cannot find etcd.endpoints"]
[2025/04/07 15:47:56.924 +08:00] [INFO] [paramtable/hook_config.go:19] ["hook config"] [hook={}]
[2025/04/07 15:47:56.938 +08:00] [INFO] [roles/roles.go:287] ["starting running Milvus components"]
[2025/04/07 15:47:56.947 +08:00] [INFO] [paramtable/quota_param.go:787] ["init disk quota"] [diskQuota(MB)=+inf]
[2025/04/07 15:47:56.947 +08:00] [INFO] [paramtable/quota_param.go:802] ["init disk quota per DB"] [diskQuotaPerCollection(MB)=1.7976931348623157e+308]
[2025/04/07 15:47:56.947 +08:00] [INFO] [paramtable/component_param.go:1578] ["init segment max idle time"] [value=10m0s]
[2025/04/07 15:47:56.947 +08:00] [INFO] [paramtable/component_param.go:1583] ["init segment min size from idle to sealed"] [value=16]
[2025/04/07 15:47:56.947 +08:00] [INFO] [paramtable/component_param.go:1593] ["init segment max binlog file to sealed"] [value=32]
[2025/04/07 15:47:56.947 +08:00] [INFO] [paramtable/component_param.go:1588] ["init segment expansion rate"] [value=1.25]
[2025/04/07 15:47:56.950 +08:00] [INFO] [paramtable/base_table.go:145] ["cannot find etcd.endpoints"]
[2025/04/07 15:47:56.950 +08:00] [INFO] [paramtable/hook_config.go:19] ["hook config"] [hook={}]
[2025/04/07 15:47:56.957 +08:00] [INFO] [server/global_rmq.go:55] ["initializing global rmq"] [path="D:\\Workplace\\python\\325bgem3package\\milvus_data\\data\\rocketmq"]
[2025/04/07 15:47:56.957 +08:00] [INFO] [server/rocksmq_impl.go:154] ["Start rocksmq "] ["max proc"=8] [parallism=1] ["lru cache"=1014357934]
[2025/04/07 15:47:57.110 +08:00] [INFO] [tso/tso.go:121] ["sync and save timestamp"] [last=2025/04/07 15:46:35.426 +08:00] [save=2025/04/07 15:48:00.109 +08:00] [next=2025/04/07 15:47:57.109 +08:00]
[2025/04/07 15:47:57.110 +08:00] [INFO] [server/rocksmq_retention.go:99] ["Rocksmq retention goroutine start!"]
[2025/04/07 15:47:57.139 +08:00] [ERROR] [etcd/etcd_server.go:62] ["failed to init embedded Etcd server"] [error="listen tcp 127.0.0.1:2380: bind: An attempt was made to access a socket in a way forbidden by its access permissions."] [stack="github.com/milvus-io/milvus/internal/util/etcd.InitEtcdServer.func1\n\tD:/a/milvus-lite/milvus-lite/milvus_binary/milvus/internal/util/etcd/etcd_server.go:62\nsync.(*Once).doSlow\n\tD:/a/_temp/msys64/mingw64/lib/go/src/sync/once.go:68\nsync.(*Once).Do\n\tD:/a/_temp/msys64/mingw64/lib/go/src/sync/once.go:59\ngithub.com/milvus-io/milvus/internal/util/etcd.InitEtcdServer\n\tD:/a/milvus-lite/milvus-lite/milvus_binary/milvus/internal/util/etcd/etcd_server.go:39\ngithub.com/milvus-io/milvus/cmd/roles.(*MilvusRoles).Run\n\tD:/a/milvus-lite/milvus-lite/milvus_binary/milvus/cmd/roles/roles.go:312\ngithub.com/milvus-io/milvus/cmd/milvus.(*run).execute\n\tD:/a/milvus-lite/milvus-lite/milvus_binary/milvus/cmd/milvus/run.go:52\ngithub.com/milvus-io/milvus/cmd/milvus.RunMilvus\n\tD:/a/milvus-lite/milvus-lite/milvus_binary/milvus/cmd/milvus/milvus.go:60\nmain.main\n\tD:/a/milvus-lite/milvus-lite/milvus_binary/milvus/cmd/main.go:95\nruntime.main\n\tD:/a/_temp/msys64/mingw64/lib/go/src/runtime/proc.go:250"]
[2025/04/07 15:47:57.140 +08:00] [INFO] [etcd/etcd_server.go:66] ["finish init Etcd config"] [path=] [data="D:\\Workplace\\python\\325bgem3package\\milvus_data\\data\\etcd.data"]
[2025/04/07 15:47:57.140 +08:00] [INFO] [management/server.go:68] ["management listen"] [addr=:9091]
[2025/04/07 15:47:57.260 +08:00] [INFO] [paramtable/quota_param.go:787] ["init disk quota"] [diskQuota(MB)=+inf]
[2025/04/07 15:47:57.260 +08:00] [INFO] [paramtable/quota_param.go:802] ["init disk quota per DB"] [diskQuotaPerCollection(MB)=1.7976931348623157e+308]
[2025/04/07 15:47:57.260 +08:00] [INFO] [paramtable/component_param.go:1578] ["init segment max idle time"] [value=10m0s]
[2025/04/07 15:47:57.260 +08:00] [INFO] [paramtable/component_param.go:1583] ["init segment min size from idle to sealed"] [value=16]
[2025/04/07 15:47:57.260 +08:00] [INFO] [paramtable/component_param.go:1593] ["init segment max binlog file to sealed"] [value=32]
[2025/04/07 15:47:57.260 +08:00] [INFO] [paramtable/component_param.go:1588] ["init segment expansion rate"] [value=1.25]
[2025/04/07 15:47:57.262 +08:00] [INFO] [paramtable/base_table.go:145] ["cannot find etcd.endpoints"]
[2025/04/07 15:47:57.262 +08:00] [INFO] [paramtable/hook_config.go:19] ["hook config"] [hook={}]
[2025/04/07 15:47:57.262 +08:00] [INFO] [rootcoord/root_coord.go:173] ["update rootcoord state"] [state=Abnormal]
[2025/04/07 15:47:57.267 +08:00] [INFO] [paramtable/quota_param.go:787] ["init disk quota"] [diskQuota(MB)=+inf]
[2025/04/07 15:47:57.267 +08:00] [INFO] [paramtable/quota_param.go:802] ["init disk quota per DB"] [diskQuotaPerCollection(MB)=1.7976931348623157e+308]
[2025/04/07 15:47:57.268 +08:00] [INFO] [paramtable/component_param.go:1578] ["init segment max idle time"] [value=10m0s]
[2025/04/07 15:47:57.268 +08:00] [INFO] [paramtable/component_param.go:1583] ["init segment min size from idle to sealed"] [value=16]
[2025/04/07 15:47:57.268 +08:00] [INFO] [paramtable/component_param.go:1593] ["init segment max binlog file to sealed"] [value=32]
[2025/04/07 15:47:57.268 +08:00] [INFO] [paramtable/component_param.go:1588] ["init segment expansion rate"] [value=1.25]
[2025/04/07 15:47:57.270 +08:00] [INFO] [paramtable/base_table.go:145] ["cannot find etcd.endpoints"]
[2025/04/07 15:47:57.270 +08:00] [INFO] [paramtable/hook_config.go:19] ["hook config"] [hook={}]
[2025/04/07 15:47:57.282 +08:00] [INFO] [paramtable/quota_param.go:787] ["init disk quota"] [diskQuota(MB)=+inf]
[2025/04/07 15:47:57.283 +08:00] [INFO] [paramtable/quota_param.go:802] ["init disk quota per DB"] [diskQuotaPerCollection(MB)=1.7976931348623157e+308]
[2025/04/07 15:47:57.283 +08:00] [INFO] [paramtable/component_param.go:1578] ["init segment max idle time"] [value=10m0s]
[2025/04/07 15:47:57.283 +08:00] [INFO] [paramtable/component_param.go:1583] ["init segment min size from idle to sealed"] [value=16]
[2025/04/07 15:47:57.283 +08:00] [INFO] [paramtable/component_param.go:1593] ["init segment max binlog file to sealed"] [value=32]
[2025/04/07 15:47:57.283 +08:00] [INFO] [paramtable/component_param.go:1588] ["init segment expansion rate"] [value=1.25]
[2025/04/07 15:47:57.286 +08:00] [DEBUG] [paramtable/grpc_param.go:156] [initServerMaxSendSize] [role=rootcoord] [grpc.serverMaxSendSize=536870912]
[2025/04/07 15:47:57.286 +08:00] [DEBUG] [paramtable/grpc_param.go:178] [initServerMaxRecvSize] [role=rootcoord] [grpc.serverMaxRecvSize=536870912]
[2025/04/07 15:47:57.288 +08:00] [WARN] [paramtable/grpc_param.go:192] ["Failed to parse grpc.gracefulStopTimeout, set to default"] [role=rootcoord] [grpc.gracefulStopTimeout=] [error="strconv.Atoi: parsing \"\": invalid syntax"]
[2025/04/07 15:47:57.288 +08:00] [DEBUG] [paramtable/grpc_param.go:201] [initGracefulStopTimeout] [role=rootcoord] [grpc.gracefulStopTimeout=30]
[2025/04/07 15:47:57.288 +08:00] [INFO] [rootcoord/service.go:177] ["init params done.."]
